============================= test session starts =============================
platform win32 -- Python 3.13.2, pytest-7.4.4, pluggy-1.6.0 -- C:\Python313\python.exe
cachedir: .pytest_cache
rootdir: C:\Users\Parthi\Documents\AI-AGENT-FRAMEWORK(ANTIGRAVITY)\AI-agent-framework
plugins: anyio-4.9.0, asyncio-0.23.3, cov-4.1.0
asyncio: mode=Mode.STRICT
collecting ... collected 4 items

tests/unit/test_executors.py::test_ocr_executor_initialization PASSED    [ 25%]
tests/unit/test_executors.py::test_llm_executor_classification ERROR     [ 50%]
tests/unit/test_executors.py::test_validation_executor_valid_data PASSED [ 75%]
tests/unit/test_executors.py::test_validation_executor_invalid_data PASSED [100%]

=================================== ERRORS ====================================
_____________ ERROR at setup of test_llm_executor_classification ______________
file C:\Users\Parthi\Documents\AI-AGENT-FRAMEWORK(ANTIGRAVITY)\AI-agent-framework\tests\unit\test_executors.py, line 40
  def test_llm_executor_classification(mocker, llm_executor):
E       fixture 'mocker' not found
>       available fixtures: _session_event_loop, anyio_backend, anyio_backend_name, anyio_backend_options, cache, capfd, capfdbinary, caplog, capsys, capsysbinary, cov, doctest_namespace, event_loop, event_loop_policy, free_tcp_port, free_tcp_port_factory, free_udp_port, free_udp_port_factory, llm_executor, monkeypatch, no_cover, ocr_executor, pytestconfig, record_property, record_testsuite_property, record_xml_attribute, recwarn, tests/unit/test_executors.py::<event_loop>, tmp_path, tmp_path_factory, tmpdir, tmpdir_factory, unused_tcp_port, unused_tcp_port_factory, unused_udp_port, unused_udp_port_factory, validation_executor
>       use 'pytest --fixtures [testpath]' for help on them.

C:\Users\Parthi\Documents\AI-AGENT-FRAMEWORK(ANTIGRAVITY)\AI-agent-framework\tests\unit\test_executors.py:40
=========================== short test summary info ===========================
ERROR tests/unit/test_executors.py::test_llm_executor_classification
========================= 3 passed, 1 error in 0.04s ==========================
